[DATA_POINT]
1="HTTP_301"
2="tcp_connect"
3="tcp_connection_count"
4="mic_recv"
5="HTTP_200"
6="RETRY_KEEP_ALIVE"
7="tcp_shutdown"
[END_TRANSACTION]
1="vuser_init_Transaction"
2="OpenLandingPage"
3="http://127.0.0.1:1080/WebTours"
4="http://127.0.0.1:1080/WebTours/"
5="http://127.0.0.1:1080/WebTours/header.html"
6="http://127.0.0.1:1080/WebTours/images/hp_logo.png"
7="http://127.0.0.1:1080/WebTours/images/webtours.png"
8="http://127.0.0.1:1080/cgi-bin/welcome.pl?signOff=true"
9="http://127.0.0.1:1080/WebTours/home.html"
10="http://127.0.0.1:1080/cgi-bin/nav.pl?in=home"
11="http://127.0.0.1:1080/WebTours/images/mer_login.gif"
12="WebTours_Action_20"
13="welcome.pl_Action_52"
14="WebTours_Action_45"
15="WebTours_Action_46"
16="WebTours_Action_36"
17="WebTours_Action_40"
18="welcome.pl_Action_59"
19="http://127.0.0.1:1080/cgi-bin/login.pl"
20="http://127.0.0.1:1080/cgi-bin/nav.pl?page=menu&in=home"
21="http://127.0.0.1:1080/WebTours/images/itinerary.gif"
22="http://127.0.0.1:1080/cgi-bin/login.pl?intro=true"
23="http://127.0.0.1:1080/WebTours/images/in_home.gif"
24="http://127.0.0.1:1080/WebTours/images/signoff.gif"
25="http://127.0.0.1:1080/WebTours/images/flights.gif"
26="login.pl_Action_69"
27="Login"
28="login.pl_2_Action_72"
29="http://127.0.0.1:1080/cgi-bin/welcome.pl?page=itinerary"
30="http://127.0.0.1:1080/cgi-bin/nav.pl?page=menu&in=itinerary"
31="http://127.0.0.1:1080/WebTours/images/home.gif"
32="http://127.0.0.1:1080/cgi-bin/itinerary.pl"
33="http://127.0.0.1:1080/WebTours/images/cancelallreservations.gif"
34="http://127.0.0.1:1080/WebTours/images/in_itinerary.gif"
35="http://127.0.0.1:1080/WebTours/images/cancelreservation.gif"
36="Itinerary_Button_Action_110"
37="Litinerary"
38="http://127.0.0.1:1080/cgi-bin/login.pl?username=&password=&getInfo=true"
39="http://127.0.0.1:1080/WebTours/profileValidate.js"
40="http://127.0.0.1:1080/WebTours/images/button_next.gif"
41="login.pl_Action_82"
42="OpenRegistrationPage"
43="login.pl_Action_71"
44="login.pl_2_Action_77"
45="login.pl_2_Action_78"
46="itinerary.pl_2_Action_148"
47="DeleteTicket"
48="http://127.0.0.1:1080/cgi-bin/welcome.pl?page=search"
49="http://127.0.0.1:1080/cgi-bin/nav.pl?page=menu&in=flights"
50="http://127.0.0.1:1080/cgi-bin/reservations.pl?page=welcome"
51="http://127.0.0.1:1080/WebTours/images/in_flights.gif"
52="Search_Flights_Button_Action_123"
53="OpenPage_FindFlight"
54="login.pl_2_Action_100"
55="UserRegistered"
56="Itinerary_Button_Action_183"
57="Search_Flights_Button_Action_128"
58="Search_Flights_Button_Action_129"
59="OpenPage_FindFlights"
60="Logout"
61="UC1_LoginLogout"
62="Action_Transaction"
63="http://127.0.0.1:1080/cgi-bin/welcome.pl?signOff=1"
64="SignOff_Button_Action_96"
65="itinerary.pl_2_Action_221"
66="http://127.0.0.1:1080/cgi-bin/welcome.pl?page=menus"
67="button_next.gif_Action_129"
68="press continue"
69="SubmitFlight"
70="http://127.0.0.1:1080/cgi-bin/reservations.pl"
71="reservations.pl_Action_174"
72="Itinerary_Button_Action_256"
73="itinerary.pl_2_Action_294"
74="reservations.pl_Action_179"
75="ÑhooseDepartureTime"
76="reservations.pl_2_Action_248"
77="SignOff_Button_Action_147"
78="SignOff"
79="UC7_RandomUserRegistrtion"
80="Itinerary_Button_Action_329"
81="Search_Flights_Button_Action_373"
82="reservations.pl_2_Action_253"
83="BuyingTicket"
84="http://127.0.0.1:1080/WebTours/images/bookanother.gif"
85="reservations.pl_3_Action_285"
86="reservations.pl_Action_424"
87="UC5_DeleteTicket"
88="Itinerary_Button_Action_330"
89="ViewTicketList"
90="reservations.pl_3_Action_291"
91="SignOff_Button_Action_285"
92="UC2_SearchTicket"
93="UC4_ViewTicketList"
94="SignOff_Button_Action_355"
95="UC3_BuyingTicket"
96="Itinerary_Button_Action_336"
97="vuser_end_Transaction"
